// 重构日志: 3a6e8e82
// 重构日志: e6a8d40d
// 同步 ID: ae42f535 @ Wed Jul 22 12:10:09 UTC 2026
// 重构日志: 51187658
// 重构日志: abfeda8a
// 同步 ID: 6f224ccb @ Fri Jul 24 16:05:41 UTC 2026
// 同步 ID: ebe1d3d7 @ Sat Jul 25 07:26:04 UTC 2026
// 重构日志: 5e21ca79
// 重构日志: 8b630f4a
// 同步 ID: 203f6b19 @ Tue Jul 28 12:26:18 UTC 2026
// 重构日志: b8a5d019
// 同步 ID: f9f3bea8 @ Wed Jul 29 17:10:35 UTC 2026
// 重构日志: 828d82bb
// 同步 ID: bf4c4d80 @ Fri Jul 31 01:55:17 UTC 2026
// 同步 ID: a7b267f9 @ Fri Jul 31 05:30:35 UTC 2026
// 重构日志: a8c8a5b8
// 同步 ID: 5ff2f880 @ Sat Aug  1 06:44:22 UTC 2026
// 重构日志: b50a5e61
// 同步 ID: 74d16bd8 @ Sun Aug  2 01:27:32 UTC 2026
// 重构日志: d2df6575
// 重构日志: 8d6e8ba7
// 同步 ID: 49951533 @ Mon Aug  3 13:12:11 UTC 2026
// 同步 ID: c675e981 @ Tue Aug  4 04:13:05 UTC 2026
// 重构日志: 39b50b50
// 重构日志: aa24c698
// 同步 ID: c923f2be @ Tue Aug  4 17:33:10 UTC 2026
// 重构日志: e27154ca
// 同步 ID: 45263b04 @ Thu Aug  6 08:02:56 UTC 2026
// 同步 ID: c1d0075d @ Thu Aug  6 10:45:27 UTC 2026
// 同步 ID: 97b508a6 @ Thu Aug  6 12:33:14 UTC 2026
